{
    "Should show help": {
        "content": [
            {
                "stderr": [
                    
                ],
                "errorReport": "",
                "exitStatus": 0,
                "failed": false,
                "stdout": [
                    "Could not read parameters settings from JSON. java.nio.file.NoSuchFileException: /Users/adam.talbot/nf-stem/subworkflows/local/initialise/nextflow_schema.json"
                ],
                "errorMessage": "",
                "trace": {
                    "tasksFailed": 0,
                    "tasksCount": 0,
                    "tasksSucceeded": 0
                },
                "name": "workflow",
                "success": true
            }
        ],
        "timestamp": "2023-09-12T12:10:53.526692"
    },
    "Should fail because no params.input": {
        "content": [
            {
                "stderr": [
                    
                ],
                "errorReport": "",
                "exitStatus": 1,
                "failed": true,
                "stdout": [
                    "Please provide an input samplesheet to the pipeline e.g. '--input samplesheet.csv'"
                ],
                "errorMessage": "",
                "trace": {
                    "tasksFailed": 0,
                    "tasksCount": 0,
                    "tasksSucceeded": 0
                },
                "name": "workflow",
                "success": false
            }
        ],
        "timestamp": "2023-09-12T12:10:57.376616"
    },
    "Should run without failures": {
        "content": [
            {
                "stderr": [
                    
                ],
                "errorReport": "",
                "exitStatus": 0,
                "failed": false,
                "stdout": [
                    "WARN: There's no process matching config selector: FASTP",
                    "WARN: There's no process matching config selector: FASTQC",
                    "WARN: There's no process matching config selector: TRIMGALORE"
                ],
                "errorMessage": "",
                "trace": {
                    "tasksFailed": 0,
                    "tasksCount": 0,
                    "tasksSucceeded": 0
                },
                "name": "workflow",
                "success": true
            }
        ],
        "timestamp": "2023-09-12T12:10:51.5897"
    },
    "Should show version": {
        "content": [
            {
                "stderr": [
                    
                ],
                "errorReport": "",
                "exitStatus": 0,
                "failed": false,
                "stdout": [
                    
                ],
                "errorMessage": "",
                "trace": {
                    "tasksFailed": 0,
                    "tasksCount": 0,
                    "tasksSucceeded": 0
                },
                "name": "workflow",
                "success": true
            }
        ],
        "timestamp": "2023-09-12T12:10:55.47093"
    }
}